=== System Information ===
Agent: CC03
Timestamp: Sat Jul 19 04:49:42 PM JST 2025
Hostname: AH57U-002
User: root

=== OS Info ===
Linux AH57U-002 5.15.153.1-microsoft-standard-WSL2 #1 SMP Fri Mar 29 23:14:13 UTC 2024 x86_64 x86_64 x86_64 GNU/Linux
PRETTY_NAME="Ubuntu 24.04.2 LTS"
NAME="Ubuntu"
VERSION_ID="24.04"
VERSION="24.04.2 LTS (Noble Numbat)"
VERSION_CODENAME=noble
ID=ubuntu
ID_LIKE=debian
HOME_URL="https://www.ubuntu.com/"
SUPPORT_URL="https://help.ubuntu.com/"
BUG_REPORT_URL="https://bugs.launchpad.net/ubuntu/"
PRIVACY_POLICY_URL="https://www.ubuntu.com/legal/terms-and-policies/privacy-policy"
UBUNTU_CODENAME=noble
LOGO=ubuntu-logo

=== Memory ===
               total        used        free      shared  buff/cache   available
Mem:            15Gi       3.5Gi       8.4Gi        20Mi       3.7Gi        11Gi
Swap:          4.0Gi          0B       4.0Gi

=== Disk Usage ===
Filesystem      Size  Used Avail Use% Mounted on
none            7.7G  4.0K  7.7G   1% /mnt/wsl
drivers         477G  196G  281G  42% /usr/lib/wsl/drivers
none            7.7G     0  7.7G   0% /usr/lib/modules
none            7.7G     0  7.7G   0% /usr/lib/modules/5.15.153.1-microsoft-standard-WSL2
/dev/sdc       1007G  7.8G  948G   1% /
none            7.7G  140K  7.7G   1% /mnt/wslg
none            7.7G     0  7.7G   0% /usr/lib/wsl/lib
rootfs          7.7G  2.1M  7.7G   1% /init
none            7.7G  676K  7.7G   1% /run
none            7.7G     0  7.7G   0% /run/lock
none            7.7G   84K  7.7G   1% /run/shm
tmpfs           4.0M     0  4.0M   0% /sys/fs/cgroup
none            7.7G   96K  7.7G   1% /mnt/wslg/versions.txt
none            7.7G   96K  7.7G   1% /mnt/wslg/doc
C:\             477G  196G  281G  42% /mnt/c
tmpfs           1.6G  8.0K  1.6G   1% /run/user/0
shm              63M  1.1M   62M   2% /var/lib/containers/storage/overlay-containers/8a5e44e98070c6efecc01ba821e170121df5d946f899ac2c6ce0edbb2e595a90/userdata/shm
overlay        1007G  7.8G  948G   1% /var/lib/containers/storage/overlay/c098f94a41cc83dd76a671c81e02b8b9190798cc03a37c7f7e7ad1d891a6564e/merged
shm              63M     0   63M   0% /var/lib/containers/storage/overlay-containers/6b0686da117d026efc5f4c9003f3852eb6fdb84f856f0d6e96671751647bb23e/userdata/shm
overlay        1007G  7.8G  948G   1% /var/lib/containers/storage/overlay/cc3bcceaf1ffdab2ea1ba09b98e65e82fa2bafc55f34e1e4c8faeb9a56773a26/merged
shm              63M     0   63M   0% /var/lib/containers/storage/overlay-containers/45f966e7cb85ef20863cca73b35d9b73cdba80a06bc2ae2ae26ec36a1e6aaebf/userdata/shm
overlay        1007G  7.8G  948G   1% /var/lib/containers/storage/overlay/37c491e2918b23acbbbc607da461b4971641a7eca498ee81b5dd36863bd42925/merged
shm              63M     0   63M   0% /var/lib/containers/storage/overlay-containers/2132940fd6cc010e624f7a68f04947c2427d2a74763e4c6f5660c1fd0350bd80/userdata/shm
overlay        1007G  7.8G  948G   1% /var/lib/containers/storage/overlay/d440a564020823f0ecadcf32e1d2aa7348c6bed43734d430976fa85a9a116efb/merged

=== Process List ===
5050       49482  0.0  0.6 112740 99940 ?        Ss   Jul13   1:23 /venv/bin/python3 /venv/bin/gunicorn --limit-request-line 8190 --timeout 86400 --bind [::]:80 -w 1 --threads 25 --access-logfile - -c gunicorn_config.py run_pgadmin:app
5050       49884  0.0  1.1 208248 178296 ?       Sl   Jul13   2:11 /venv/bin/python3 /venv/bin/gunicorn --limit-request-line 8190 --timeout 86400 --bind [::]:80 -w 1 --threads 25 --access-logfile - -c gunicorn_config.py run_pgadmin:app
root      565564 20.2  6.6 33360680 1068016 pts/5 Sl+ Jul18 449:05 claude
root      567047  2.6  4.1 33242512 666588 pts/2 Sl+  Jul18  58:01 claude
root      569769  1.3  3.2 33142708 526952 pts/3 Sl+  Jul18  30:02 claude

=== Network Connections ===
u_str LISTEN  0      4096                                      /run/WSL/2_interop 22547                  * 0                
u_str LISTEN  0      4096                   /run/user/0/gnupg/S.gpg-agent.browser 17922                  * 0                
u_str LISTEN  0      4096                                    /run/WSL/291_interop 22633                  * 0                
u_str LISTEN  0      4096                                  /run/WSL/21693_interop 88443                  * 0                
u_str ESTAB   0      0               @72247eca82abf39e/bus/systemd/bus-api-system 31778                  * 28775            
u_str ESTAB   0      0                                                          * 22541                  * 22540            
u_str ESTAB   0      0                                                          * 22540                  * 22541            
u_str ESTAB   0      0                                                          * 25863                  * 21722            
u_str ESTAB   0      0                                                          * 17804                  * 20522            
u_str ESTAB   0      0                                /run/systemd/journal/stdout 20522                  * 17804            
u_str ESTAB   0      0                                       /tmp/dbus-dmkmSo4APJ 21722                  * 25863            
